600 candidate references; picked 60 (genders: 29 male / 31 female)
voice 1/60 fleursfil00_m already done, skipped
voice 2/60 fleursfil01_f already done, skipped
voice 3/60 fleursfil02_f already done, skipped
voice 4/60 fleursfil03_m already done, skipped
voice 5/60 fleursfil04_f already done, skipped
voice 6/60 fleursfil05_f already done, skipped
voice 7/60 fleursfil06_m already done, skipped
voice 8/60 fleursfil07_f already done, skipped
voice 9/60 fleursfil08_m already done, skipped
voice 10/60 fleursfil09_m already done, skipped
voice 11/60 fleursfil10_m already done, skipped
voice 12/60 fleursfil11_f already done, skipped
voice 13/60 fleursfil12_m already done, skipped
voice 14/60 fleursfil13_f already done, skipped
voice 15/60 fleursfil14_f already done, skipped
voice 16/60 fleursfil15_f already done, skipped
voice 17/60 fleursfil16_m already done, skipped
voice 18/60 fleursfil17_m already done, skipped
voice 19/60 fleursfil18_f already done, skipped
voice 20/60 fleursfil19_m already done, skipped
voice 21/60 fleursfil20_m already done, skipped
voice 22/60 fleursfil21_f already done, skipped
voice 23/60 fleursfil22_f already done, skipped
voice 24/60 fleursfil23_f already done, skipped
voice 25/60 fleursfil24_m already done, skipped
voice 26/60 fleursfil25_f already done, skipped
voice 27/60 fleursfil26_f already done, skipped
voice 28/60 fleursfil27_m already done, skipped
voice 29/60 fleursfil28_f already done, skipped
voice 30/60 fleursfil29_m already done, skipped
voice 31/60 fleursfil30_m already done, skipped
voice 32/60 fleursfil31_f already done, skipped
voice 33/60 fleursfil32_f already done, skipped
voice 34/60 fleursfil33_f already done, skipped
voice 35/60 fleursfil34_m done
voice 36/60 fleursfil35_m done
voice 37/60 fleursfil36_m done
voice 38/60 fleursfil37_f done
voice 39/60 fleursfil38_f done
voice 40/60 fleursfil39_m done
voice 41/60 fleursfil40_m done
voice 42/60 fleursfil41_m done
voice 43/60 fleursfil42_m done
voice 44/60 fleursfil43_m done
voice 45/60 fleursfil44_f done
voice 46/60 fleursfil45_f done
voice 47/60 fleursfil46_f done
voice 48/60 fleursfil47_f done
voice 49/60 fleursfil48_f done
voice 50/60 fleursfil49_m done
voice 51/60 fleursfil50_f done
voice 52/60 fleursfil51_f done
voice 53/60 fleursfil52_m done
voice 54/60 fleursfil53_f done
voice 55/60 fleursfil54_m done
voice 56/60 fleursfil55_f done
voice 57/60 fleursfil56_f done
voice 58/60 fleursfil57_m done
voice 59/60 fleursfil58_m done
voice 60/60 fleursfil59_m done
