=== STEP 1/3 clone: 60 -> 150 FLEURS voices 18:13:56
600 candidate references; picked 150 (genders: 72 male / 78 female)
voice 1/150 fleursfil00_m already done, skipped
voice 2/150 fleursfil01_f already done, skipped
voice 3/150 fleursfil02_f already done, skipped
voice 4/150 fleursfil03_m already done, skipped
voice 5/150 fleursfil04_f already done, skipped
voice 6/150 fleursfil05_f already done, skipped
voice 7/150 fleursfil06_m already done, skipped
voice 8/150 fleursfil07_f already done, skipped
voice 9/150 fleursfil08_m already done, skipped
voice 10/150 fleursfil09_m already done, skipped
voice 11/150 fleursfil10_m already done, skipped
voice 12/150 fleursfil11_f already done, skipped
voice 13/150 fleursfil12_m already done, skipped
voice 14/150 fleursfil13_f already done, skipped
voice 15/150 fleursfil14_f already done, skipped
voice 16/150 fleursfil15_f already done, skipped
voice 17/150 fleursfil16_m already done, skipped
voice 18/150 fleursfil17_m already done, skipped
voice 19/150 fleursfil18_f already done, skipped
voice 20/150 fleursfil19_m already done, skipped
voice 21/150 fleursfil20_m already done, skipped
voice 22/150 fleursfil21_f already done, skipped
voice 23/150 fleursfil22_f already done, skipped
voice 24/150 fleursfil23_f already done, skipped
voice 25/150 fleursfil24_m already done, skipped
voice 26/150 fleursfil25_f already done, skipped
voice 27/150 fleursfil26_f already done, skipped
voice 28/150 fleursfil27_m already done, skipped
voice 29/150 fleursfil28_f already done, skipped
voice 30/150 fleursfil29_m already done, skipped
voice 31/150 fleursfil30_m already done, skipped
voice 32/150 fleursfil31_f already done, skipped
voice 33/150 fleursfil32_f already done, skipped
voice 34/150 fleursfil33_f already done, skipped
voice 35/150 fleursfil34_m already done, skipped
voice 36/150 fleursfil35_m already done, skipped
voice 37/150 fleursfil36_m already done, skipped
voice 38/150 fleursfil37_f already done, skipped
voice 39/150 fleursfil38_f already done, skipped
voice 40/150 fleursfil39_m already done, skipped
voice 41/150 fleursfil40_m already done, skipped
voice 42/150 fleursfil41_m already done, skipped
voice 43/150 fleursfil42_m already done, skipped
voice 44/150 fleursfil43_m already done, skipped
voice 45/150 fleursfil44_f already done, skipped
voice 46/150 fleursfil45_f already done, skipped
voice 47/150 fleursfil46_f already done, skipped
voice 48/150 fleursfil47_f already done, skipped
voice 49/150 fleursfil48_f already done, skipped
voice 50/150 fleursfil49_m already done, skipped
voice 51/150 fleursfil50_f already done, skipped
voice 52/150 fleursfil51_f already done, skipped
voice 53/150 fleursfil52_m already done, skipped
voice 54/150 fleursfil53_f already done, skipped
voice 55/150 fleursfil54_m already done, skipped
voice 56/150 fleursfil55_f already done, skipped
voice 57/150 fleursfil56_f already done, skipped
voice 58/150 fleursfil57_m already done, skipped
voice 59/150 fleursfil58_m already done, skipped
voice 60/150 fleursfil59_m already done, skipped
voice 61/150 fleursfil60_m done
voice 62/150 fleursfil61_f done
voice 63/150 fleursfil62_f done
voice 64/150 fleursfil63_f done
voice 65/150 fleursfil64_f done
voice 66/150 fleursfil65_f done
voice 67/150 fleursfil66_f done
voice 68/150 fleursfil67_f done
voice 69/150 fleursfil68_m done
voice 70/150 fleursfil69_m done
voice 71/150 fleursfil70_m done
voice 72/150 fleursfil71_m done
voice 73/150 fleursfil72_f done
voice 74/150 fleursfil73_f done
voice 75/150 fleursfil74_m done
voice 76/150 fleursfil75_f done
voice 77/150 fleursfil76_m done
voice 78/150 fleursfil77_m done
voice 79/150 fleursfil78_f done
voice 80/150 fleursfil79_m done
voice 81/150 fleursfil80_f done
voice 82/150 fleursfil81_m done
voice 83/150 fleursfil82_f done
voice 84/150 fleursfil83_f done
voice 85/150 fleursfil84_f done
voice 86/150 fleursfil85_m done
voice 87/150 fleursfil86_f done
voice 88/150 fleursfil87_f done
voice 89/150 fleursfil88_m done
voice 90/150 fleursfil89_m done
voice 91/150 fleursfil90_m done
voice 92/150 fleursfil91_m done
voice 93/150 fleursfil92_f done
voice 94/150 fleursfil93_m done
voice 95/150 fleursfil94_m done
voice 96/150 fleursfil95_m done
voice 97/150 fleursfil96_f done
voice 98/150 fleursfil97_m done
voice 99/150 fleursfil98_f done
voice 100/150 fleursfil99_f done
voice 101/150 fleursfil100_f done
voice 102/150 fleursfil101_f done
voice 103/150 fleursfil102_f done
voice 104/150 fleursfil103_m done
voice 105/150 fleursfil104_f done
voice 106/150 fleursfil105_m done
voice 107/150 fleursfil106_m done
voice 108/150 fleursfil107_m done
voice 109/150 fleursfil108_f done
voice 110/150 fleursfil109_m done
voice 111/150 fleursfil110_f done
voice 112/150 fleursfil111_f done
voice 113/150 fleursfil112_m done
voice 114/150 fleursfil113_f done
voice 115/150 fleursfil114_f done
voice 116/150 fleursfil115_m done
voice 117/150 fleursfil116_f done
voice 118/150 fleursfil117_f done
voice 119/150 fleursfil118_f done
voice 120/150 fleursfil119_m done
voice 121/150 fleursfil120_m done
voice 122/150 fleursfil121_f done
voice 123/150 fleursfil122_f done
voice 124/150 fleursfil123_f done
voice 125/150 fleursfil124_m done
voice 126/150 fleursfil125_m done
voice 127/150 fleursfil126_f done
voice 128/150 fleursfil127_m done
voice 129/150 fleursfil128_m done
voice 130/150 fleursfil129_m done
voice 131/150 fleursfil130_m done
voice 132/150 fleursfil131_m done
voice 133/150 fleursfil132_f done
voice 134/150 fleursfil133_f done
voice 135/150 fleursfil134_f done
voice 136/150 fleursfil135_f done
voice 137/150 fleursfil136_f done
voice 138/150 fleursfil137_f done
voice 139/150 fleursfil138_f done
voice 140/150 fleursfil139_m done
voice 141/150 fleursfil140_m done
voice 142/150 fleursfil141_m done
voice 143/150 fleursfil142_m done
voice 144/150 fleursfil143_m done
voice 145/150 fleursfil144_m done
voice 146/150 fleursfil145_f done
voice 147/150 fleursfil146_m done
voice 148/150 fleursfil147_f done
voice 149/150 fleursfil148_m done
voice 150/150 fleursfil149_f done
=== STEP 2/3 clone tier: assemble + check all 150 voices 20:28:09
tier clone: 150 voices x (31 commands + 3 unknown sentences + 1 silent)
synthesized 8850 of 8850 utterances (0 failed)
wrote 5040 clips (clone); rejected 210 by Whisper; manifest now 6238 rows
label
text_jane        44
call_jane        27
unknown_other    23
skip             15
lights_on        14
play             12
weather          10
stop             10
dim_lights_20     8
dim_lights_80     8
=== STEP 3/3 piper tier: 150 offline English speakers 20:51:01
tier piper: 150 voices x (31 commands + 3 unknown sentences + 1 silent)
=== STEP 3/3 (restart, 1 thread per Piper worker) 20:57:03
tier piper: 150 voices x (31 commands + 3 unknown sentences + 1 silent)
synthesized 5250 of 5250 utterances (0 failed)
wrote 4893 clips (piper); rejected 357 by Whisper; manifest now 11131 rows
label
time             118
call_jane         50
text_jane         47
stop              20
louder            18
skip              16
play              15
pause             10
unknown_other      9
volume_up          9
EXIT=0
