classmate1  ALARM_V1_1_t1.wav                                Alarm 6 a.m.
classmate1  ALARM_V1_1_t2.wav                                Alarm 6 a.m.
classmate1  ALARM_V1_2_t1.wav                                Alarm 18
classmate1  ALARM_V1_2_t2.wav                                Alarm ATM.
classmate1  ALARM_V1_3_t1.wav                                Alarm, 9pm.
classmate1  ALARM_V1_3_t2.wav                                Alarm, 9pm.
classmate1  ALARM_V2_1_t1.wav                                Wake me up at 6 a.m.
classmate1  ALARM_V2_1_t2.wav                                wake me up at 6 a.m.
classmate1  ALARM_V2_2_t1.wav                                wake me up at 8 p.m.
classmate1  ALARM_V2_2_t2.wav                                Wake me up at 8 a.m.
classmate1  ALARM_V2_3_t1.wav                                Wake me up at 9 p.m.
classmate1  ALARM_V2_3_t2.wav                                Wake me up at 9pm.
classmate1  ALARM_V3_1_t1.wav                                Set an alarm for 6 a.m
classmate1  ALARM_V3_1_t2.wav                                Set an alarm for 6 a.m.
classmate1  ALARM_V3_2_t1.wav                                set an alarm for 8 p.m.
classmate1  ALARM_V3_2_t2.wav                                set an alarm for 8 a.m.
classmate1  ALARM_V3_3_t1.wav                                Set an alarm for 9 p.m.
classmate1  ALARM_V3_3_t2.wav                                Set an alarm for 9 p.m.
classmate1  BRIGHTNESS_V1_1_t1.wav                           brightness 20%
classmate1  BRIGHTNESS_V1_1_t2.wav                           brightness 20%
classmate1  BRIGHTNESS_V1_2_t1.wav                           Brightness 60%
classmate1  BRIGHTNESS_V1_2_t2.wav                           Brightness 60%
classmate1  BRIGHTNESS_V1_3_t1.wav                           Brightness 100%
classmate1  BRIGHTNESS_V1_3_t2.wav                           brightness 100%
classmate1  BRIGHTNESS_V2_1_t1.wav                           set the brightness to 20%
classmate1  BRIGHTNESS_V2_1_t2.wav                           set the brightness to 20%
classmate1  BRIGHTNESS_V2_2_t1.wav                           set the brightness to 60%
classmate1  BRIGHTNESS_V2_2_t2.wav                           set the brightness to 60%
classmate1  BRIGHTNESS_V2_3_t1.wav                           set the brightness to 100%
classmate1  BRIGHTNESS_V2_3_t2.wav                           set the brightness to 100%
classmate1  BRIGHTNESS_V3_1_t1.wav                           Change the brightness to 20%.
classmate1  BRIGHTNESS_V3_1_t2.wav                           change the brightness to 20%
classmate1  BRIGHTNESS_V3_2_t1.wav                           change the brightness to 60%
classmate1  BRIGHTNESS_V3_2_t2.wav                           change the brightness to 60%
classmate1  BRIGHTNESS_V3_3_t1.wav                           change the brightness to 100%
classmate1  BRIGHTNESS_V3_3_t2.wav                           change the brightness to 100%
classmate1  CALL_V1_t1.wav                                   Paul.
classmate1  CALL_V1_t2.wav                                   Call.
classmate1  CALL_V2_t1.wav                                   Make a hole.
classmate1  CALL_V2_t2.wav                                   Make a call.
classmate1  CALL_V3_t1.wav                                   Make a phone call.
classmate1  CALL_V3_t2.wav                                   Make a phone call.
classmate1  COLOR_V1_1_t1.wav                                Color red.
classmate1  COLOR_V1_1_t2.wav                                Call it red.
classmate1  COLOR_V1_2_t1.wav                                quality
classmate1  COLOR_V1_2_t2.wav                                color blue
classmate1  COLOR_V1_3_t1.wav                                color green
classmate1  COLOR_V1_3_t2.wav                                color green
classmate1  COLOR_V2_1_t1.wav                                Change the lights to red.
classmate1  COLOR_V2_1_t2.wav                                Change the lights to red.
classmate2  CALL_V1_t1.wav                                   Call
classmate2  CALL_V1_t2.wav                                   coal
classmate2  CALL_V1_t3.wav                                   call
classmate2  CALL_V2_t1.wav                                   Make a call
classmate2  CALL_V2_t2.wav                                   Make a cone
classmate2  CALL_V2_t3.wav                                   Make a call.
classmate2  CALL_V3_t1.wav                                   Make a phone call.
classmate2  CALL_V3_t2.wav                                   Make a phone call
classmate2  CALL_V3_t3.wav                                   Make a phone call.
classmate2  COLOR_V1_1_t1.wav                                Cholera
classmate2  COLOR_V1_1_t2.wav                                Cholera
classmate2  COLOR_V1_1_t3.wav                                Color red
classmate2  COLOR_V1_2_t1.wav                                Color blue
classmate2  COLOR_V1_2_t2.wav                                color blue
classmate2  COLOR_V1_2_t3.wav                                Color blue
classmate2  COLOR_V1_3_t1.wav                                Color green
classmate2  COLOR_V1_3_t2.wav                                Color green
classmate2  COLOR_V1_3_t3.wav                                Color green
classmate2  COLOR_V2_1_t1.wav                                Change the lights to red.
classmate2  COLOR_V2_1_t2.wav                                Change the lights to red.
classmate2  COLOR_V2_1_t3.wav                                Change the lights to red.
classmate2  COLOR_V2_2_t1.wav                                Change the lights to blue.
classmate2  COLOR_V2_2_t2.wav                                Change the lights to blue.
classmate2  COLOR_V2_2_t3.wav                                Change the lights to blue.
classmate2  COLOR_V2_3_t1.wav                                Change the lights to green.
classmate2  COLOR_V2_3_t2.wav                                Change the lights to green.
classmate2  COLOR_V2_3_t3.wav                                Change the lights to green.
classmate2  COLOR_V3_1_t1.wav                                Set the lights to red.
classmate2  COLOR_V3_1_t2.wav                                Set the lights to red.
classmate2  COLOR_V3_1_t3.wav                                Set the lights to red.
classmate2  COLOR_V3_2_t1.wav                                Set the lights to blue.
classmate2  COLOR_V3_2_t2.wav                                Set the lights to blue.
classmate2  COLOR_V3_2_t3.wav                                Set the lights to blue.
classmate2  COLOR_V3_3_t1.wav                                Set the lights to green.
classmate2  COLOR_V3_3_t2.wav                                Set the lights to green.
classmate2  COLOR_V3_3_t3.wav                                Set the lights to green.
classmate2  NEXT_V1_t1.wav                                   Skip song
classmate2  NEXT_V1_t2.wav                                   Skip song.
classmate2  NEXT_V1_t3.wav                                   Skip Song
classmate2  NEXT_V2_t1.wav                                   Next song
classmate2  NEXT_V2_t2.wav                                   Next song
classmate2  NEXT_V2_t3.wav                                   Next song
classmate2  NEXT_V3_t1.wav                                   Play next song.
classmate2  NEXT_V3_t2.wav                                   Play next song.
classmate2  NEXT_V3_t3.wav                                   Play next song.
classmate2  PAUSE_V1_t1.wav                                  Pause
classmate2  PAUSE_V1_t2.wav                                  Pause.
classmate2  PAUSE_V1_t3.wav                                  Pause
classmate2  PAUSE_V2_t1.wav                                  Pause the music.
classmate3       04d3b88b-9c5b-468c-ae62-3587c904f746.mp4         We follow you up.
classmate3       0d2ef9f1-4f01-428f-8234-8de79aff791a.mp4         Turn off lights.
classmate3       11439537-a4a2-4c61-9c03-23f8b3814567.mp4         Second alarm at 7 a.m.
classmate3       11e1cd20-8164-4b7a-bbaf-8c3e644d2673.mp4         Text Jane
classmate3       169077a8-f81a-4e4c-89ef-c92fd22319d8.mp4         Set the temperature to 26 degrees.
classmate3       1879902e-a3ef-453e-8589-8e7335631235.mp4         Set an alarm at 19.
classmate3       1d091d14-e7eb-4e98-b542-496f5842ec67.mp4         Nevermind.
classmate3       1d340163-29b9-41de-80cb-d19acf0f3c1d.mp4         Play.
classmate3       20bb15d7-6e8e-4047-adc1-596a2e8375e4.mp4         Stop.
classmate3       25ed1c7c-c347-4300-b0ee-39d48c303c86.mp4         What are my reminders?
classmate3       343ed05e-3728-4748-9fe7-2c0e123c3692.mp4         Volume Down
classmate3       3bdfd9d0-6391-4265-8b8e-9de2a7066dff.mp4         Set temperature to 18 degrees
classmate3       437c509a-3212-42a3-9fd2-3209ae033ba0.mp4         Set a timer for 1 minute
classmate3       5785427b-f141-43d3-8935-16e87d982513.mp4         Boss.
classmate3       5e929383-0911-428f-9441-4f6b0dbbd0e0.mp4         Remind me to study for my exam.
classmate3       7f4b2400-73b4-4922-a6e3-567c745fd1cd (1).mp4     dim lights to 20%
classmate3       7f4b2400-73b4-4922-a6e3-567c745fd1cd.mp4         dim lights to 20%
classmate3       82eef3b9-70af-45d8-ac8d-1accb746ff91.mp4         dim lights to 80%
classmate3       863e49d7-8461-4c47-96fc-abd83b573136.mp4         Next.
classmate3       88405410-55b9-4f93-8ea9-627dfbb68821.mp4         Set a timer for 5 minutes
classmate3       aa637010-d351-46ac-b10e-d777bb3cd372.mp4         Hello there
classmate3       abc932c3-123a-4226-bb0e-47a9262dd869.mp4         dim lights to 50%
classmate3       b080040d-1122-4975-b06a-ef933776bbed.mp4         Party, party.
classmate3       b1c505d8-ca4f-467b-9726-65127fabd85c.mp4         Skip.
classmate3       b4b128e2-4bc1-4973-95cb-798e737f94d0.mp4         What time is it?
classmate3       b922e4f3-c766-4ec8-bc04-91d9cb6b30e1.mp4         Remind me to take out the trash.
classmate3       c4e7b928-50e6-4978-a6d6-59e03f4982de.mp4         Set an alarm at 6 am.
classmate3       c87f22df-d699-4096-a6b0-9e3807a3e977.mp4         What's the weather?
classmate3       d2196927-cf92-4c33-8300-ce4ca411594e.mp4         Set temperature to 22 degrees.
classmate3       d236476f-ece0-476f-bd23-b1a6bb4317a6.mp4         Turn on lights
classmate3       ddcc5018-3b82-4782-aeb2-bc9e0ce30208.mp4         Call Jane.
classmate3       e5f8c592-e0f0-4475-8296-b289428ce0d9.mp4         Set a timer for 10 minutes
classmate4       recording_2026-10-01_13-09-22.wav                Hey, John.
classmate4       recording_2026-10-01_13-09-32.wav                Okay, there we go.
classmate4       recording_2026-10-01_15-58-18.wav                Hey Delta!
classmate4       recording_2026-10-01_15-58-23.wav                What's the weather today?
classmate4       recording_2026-10-01_15-58-27.wav                What time is it?
classmate4       recording_2026-10-01_15-58-34.wav                Turn on lights.
classmate4       recording_2026-10-01_15-58-38.wav                Turn off lights.
classmate4       recording_2026-10-01_15-58-42.wav                Dim lights to 20%.
classmate4       recording_2026-10-01_15-58-46.wav                Dim lights to 50%.
classmate4       recording_2026-10-01_15-58-49.wav                Dim lights to 80%.
classmate4       recording_2026-10-01_15-58-54.wav                Set me a timer for one minute.
classmate4       recording_2026-10-01_15-58-55.wav                Send me a timer for one minute.
classmate4       recording_2026-10-01_15-59-06.wav                Set me a timer for one minute.
classmate4       recording_2026-10-01_15-59-12.wav                Thank you.
classmate4       recording_2026-10-01_15-59-17.wav                
classmate4       recording_2026-10-01_15-59-21.wav                
classmate4       recording_2026-10-01_15-59-24.wav                Thanks for watching!
classmate4       recording_2026-10-01_15-59-29.wav                Mooder.
classmate4       recording_2026-10-01_16-00-14.wav                Thank you.
classmate4       recording_2026-10-01_16-00-26.wav                Louder.
classmate4       recording_2026-10-01_16-00-31.wav                Skip the next song.
classmate4       recording_2026-10-01_16-00-35.wav                Stop the song.
classmate4       recording_2026-10-01_16-00-38.wav                Buzz off.
classmate4       recording_2026-10-01_16-00-44.wav                Hey Delta, what are my reminders for today?
classmate4       recording_2026-10-01_16-00-49.wav                Remind me to take out the trash tomorrow.
classmate4       recording_2026-10-01_16-00-53.wav                Remind me to study for my exam.
classmate4       recording_2026-10-01_16-00-58.wav                Call it a day.
classmate4       recording_2026-10-01_16-01-03.wav                Text June
classmate4       recording_2026-10-01_16-01-06.wav                Place on.
classmate4       recording_2026-10-01_16-01-07.wav                Play song.
classmate4       recording_2026-10-01_16-01-12.wav                Never mind.
162 clips -> /mnt/jfs_hpc/home/arvir.jane.redondo/sandbox/AI231/ME2 v2/data/commands_other_speakers/transcripts.csv
