190414 train clips (48000 draws/epoch), 9894 validation clips, 191,672 parameters
ep  0 loss 3.280 | owner 0.036 web 0.000 synth 0.046 unk-false 0.130 | score 0.197 * (1.54 min)
ep  1 loss 2.945 | owner 0.202 web 0.026 synth 0.233 unk-false 0.293 | score 0.290 * (1.26 min)
ep  2 loss 2.199 | owner 0.740 web 0.208 synth 0.594 unk-false 0.107 | score 0.586 * (1.27 min)
ep  3 loss 1.775 | owner 0.860 web 0.477 synth 0.891 unk-false 0.287 | score 0.746 * (1.26 min)
ep  4 loss 1.576 | owner 0.867 web 0.497 synth 0.913 unk-false 0.175 | score 0.785 * (1.23 min)
ep  5 loss 1.461 | owner 0.882 web 0.560 synth 0.934 unk-false 0.147 | score 0.818 * (1.25 min)
ep  6 loss 1.392 | owner 0.886 web 0.618 synth 0.938 unk-false 0.148 | score 0.836 * (1.12 min)
ep  7 loss 1.349 | owner 0.917 web 0.623 synth 0.953 unk-false 0.142 | score 0.849 * (1.17 min)
ep  8 loss 1.304 | owner 0.917 web 0.636 synth 0.942 unk-false 0.120 | score 0.855 * (1.13 min)
ep  9 loss 1.267 | owner 0.889 web 0.648 synth 0.948 unk-false 0.107 | score 0.855 * (1.16 min)
ep 10 loss 1.259 | owner 0.877 web 0.663 synth 0.950 unk-false 0.076 | score 0.864 * (1.13 min)
ep 11 loss 1.230 | owner 0.869 web 0.689 synth 0.957 unk-false 0.123 | score 0.860 (1.2 min)
ep 12 loss 1.213 | owner 0.882 web 0.657 synth 0.958 unk-false 0.109 | score 0.864 (1.09 min)
ep 13 loss 1.190 | owner 0.929 web 0.735 synth 0.956 unk-false 0.103 | score 0.889 * (1.11 min)
ep 14 loss 1.173 | owner 0.922 web 0.719 synth 0.964 unk-false 0.116 | score 0.886 (1.12 min)
ep 15 loss 1.165 | owner 0.929 web 0.712 synth 0.969 unk-false 0.123 | score 0.887 (1.12 min)
ep 16 loss 1.153 | owner 0.929 web 0.817 synth 0.965 unk-false 0.125 | score 0.907 * (1.15 min)
ep 17 loss 1.141 | owner 0.929 web 0.775 synth 0.967 unk-false 0.130 | score 0.899 (1.13 min)
ep 18 loss 1.138 | owner 0.917 web 0.763 synth 0.964 unk-false 0.090 | score 0.900 (1.12 min)
ep 19 loss 1.122 | owner 0.889 web 0.752 synth 0.967 unk-false 0.094 | score 0.892 (1.13 min)
ep 20 loss 1.107 | owner 0.910 web 0.773 synth 0.968 unk-false 0.083 | score 0.902 (1.15 min)
ep 21 loss 1.097 | owner 0.929 web 0.778 synth 0.968 unk-false 0.083 | score 0.908 * (1.12 min)
ep 22 loss 1.096 | owner 0.929 web 0.832 synth 0.969 unk-false 0.116 | score 0.915 * (1.17 min)
ep 23 loss 1.076 | owner 0.917 web 0.836 synth 0.966 unk-false 0.099 | score 0.917 * (1.11 min)
ep 24 loss 1.083 | owner 0.929 web 0.792 synth 0.976 unk-false 0.119 | score 0.909 (1.12 min)
ep 25 loss 1.073 | owner 0.905 web 0.821 synth 0.970 unk-false 0.087 | score 0.915 (1.13 min)
ep 26 loss 1.063 | owner 0.893 web 0.773 synth 0.968 unk-false 0.079 | score 0.902 (1.11 min)
ep 27 loss 1.050 | owner 0.952 web 0.856 synth 0.978 unk-false 0.144 | score 0.923 * (1.13 min)
ep 28 loss 1.048 | owner 0.917 web 0.837 synth 0.973 unk-false 0.102 | score 0.919 (1.12 min)
ep 29 loss 1.041 | owner 0.910 web 0.782 synth 0.970 unk-false 0.079 | score 0.908 (1.1 min)
ep 30 loss 1.028 | owner 0.917 web 0.852 synth 0.972 unk-false 0.101 | score 0.923 * (1.1 min)
ep 31 loss 1.031 | owner 0.929 web 0.838 synth 0.974 unk-false 0.101 | score 0.923 (1.09 min)
ep 32 loss 1.029 | owner 0.929 web 0.852 synth 0.979 unk-false 0.125 | score 0.921 (1.07 min)
ep 33 loss 1.025 | owner 0.905 web 0.842 synth 0.973 unk-false 0.074 | score 0.923 (1.1 min)
ep 34 loss 1.014 | owner 0.917 web 0.855 synth 0.979 unk-false 0.114 | score 0.922 (1.08 min)
ep 35 loss 1.013 | owner 0.929 web 0.844 synth 0.975 unk-false 0.084 | score 0.927 * (1.11 min)
ep 36 loss 1.005 | owner 0.929 web 0.850 synth 0.973 unk-false 0.083 | score 0.928 * (1.08 min)
ep 37 loss 1.005 | owner 0.917 web 0.853 synth 0.978 unk-false 0.081 | score 0.928 * (1.33 min)
ep 38 loss 0.996 | owner 0.929 web 0.859 synth 0.978 unk-false 0.084 | score 0.932 * (1.12 min)
ep 39 loss 0.996 | owner 0.922 web 0.846 synth 0.980 unk-false 0.077 | score 0.929 (1.14 min)
ep 40 loss 0.993 | owner 0.929 web 0.849 synth 0.974 unk-false 0.079 | score 0.928 (1.12 min)
ep 41 loss 0.986 | owner 0.922 web 0.860 synth 0.976 unk-false 0.073 | score 0.932 * (1.15 min)
ep 42 loss 0.982 | owner 0.922 web 0.838 synth 0.975 unk-false 0.066 | score 0.928 (1.13 min)
ep 43 loss 0.973 | owner 0.929 web 0.848 synth 0.974 unk-false 0.068 | score 0.931 (1.12 min)
ep 44 loss 0.979 | owner 0.940 web 0.854 synth 0.976 unk-false 0.081 | score 0.934 * (1.16 min)
ep 45 loss 0.980 | owner 0.922 web 0.853 synth 0.978 unk-false 0.070 | score 0.931 (1.12 min)
ep 46 loss 0.966 | owner 0.929 web 0.855 synth 0.980 unk-false 0.073 | score 0.933 (1.11 min)
ep 47 loss 0.974 | owner 0.934 web 0.860 synth 0.981 unk-false 0.087 | score 0.933 (1.11 min)
ep 48 loss 0.972 | owner 0.910 web 0.862 synth 0.979 unk-false 0.072 | score 0.931 (1.11 min)
ep 49 loss 0.969 | owner 0.910 web 0.867 synth 0.978 unk-false 0.074 | score 0.931 (1.11 min)
ep 50 loss 0.963 | owner 0.922 web 0.866 synth 0.976 unk-false 0.072 | score 0.934 (1.53 min)
ep 51 loss 0.961 | owner 0.929 web 0.869 synth 0.979 unk-false 0.067 | score 0.936 * (1.1 min)
ep 52 loss 0.965 | owner 0.910 web 0.859 synth 0.976 unk-false 0.064 | score 0.931 (1.13 min)
ep 53 loss 0.955 | owner 0.910 web 0.867 synth 0.976 unk-false 0.070 | score 0.931 (1.1 min)
ep 54 loss 0.961 | owner 0.910 web 0.861 synth 0.976 unk-false 0.065 | score 0.931 (1.1 min)
ep 55 loss 0.965 | owner 0.910 web 0.869 synth 0.979 unk-false 0.070 | score 0.932 (1.1 min)
ep 56 loss 0.960 | owner 0.910 web 0.859 synth 0.975 unk-false 0.063 | score 0.930 (1.15 min)
ep 57 loss 0.957 | owner 0.910 web 0.862 synth 0.978 unk-false 0.067 | score 0.931 (1.09 min)
ep 58 loss 0.957 | owner 0.910 web 0.864 synth 0.978 unk-false 0.066 | score 0.932 (1.1 min)
ep 59 loss 0.962 | owner 0.910 web 0.863 synth 0.976 unk-false 0.068 | score 0.931 (1.21 min)
best selection score 0.936 -> /mnt/jfs_hpc/home/arvir.jane.redondo/sandbox/AI231/ME2 v2/data/deliverables/command_classifier/model/runs/bcresnet6_schema_b/best.pt
