10682 train clips (48000 draws/epoch), 6743 validation clips, 191,672 parameters
ep  0 loss 3.260 | owner nan web 0.034 synth 0.006 unk-false 0.218 | score 0.274 * (1.14 min)
ep  1 loss 2.928 | owner nan web 0.013 synth 0.035 unk-false 0.662 | score 0.129 (0.99 min)
ep  2 loss 2.303 | owner nan web 0.514 synth 0.463 unk-false 0.717 | score 0.420 * (1.06 min)
ep  3 loss 1.879 | owner nan web 0.598 synth 0.640 unk-false 0.617 | score 0.540 * (1.04 min)
ep  4 loss 1.654 | owner nan web 0.790 synth 0.825 unk-false 0.785 | score 0.610 * (1.03 min)
ep  5 loss 1.533 | owner nan web 0.836 synth 0.827 unk-false 0.777 | score 0.628 * (1.03 min)
ep  6 loss 1.448 | owner nan web 0.930 synth 0.854 unk-false 0.532 | score 0.750 * (1.02 min)
ep  7 loss 1.386 | owner nan web 0.962 synth 0.881 unk-false 0.740 | score 0.701 (1.03 min)
ep  8 loss 1.348 | owner nan web 0.923 synth 0.878 unk-false 0.597 | score 0.735 (1.04 min)
ep  9 loss 1.310 | owner nan web 0.949 synth 0.870 unk-false 0.670 | score 0.716 (1.04 min)
ep 10 loss 1.274 | owner nan web 0.953 synth 0.860 unk-false 0.684 | score 0.710 (1.06 min)
ep 11 loss 1.255 | owner nan web 0.883 synth 0.857 unk-false 0.563 | score 0.726 (1.05 min)
ep 12 loss 1.223 | owner nan web 0.954 synth 0.877 unk-false 0.691 | score 0.713 (1.07 min)
ep 13 loss 1.203 | owner nan web 0.958 synth 0.919 unk-false 0.736 | score 0.714 (1.09 min)
ep 14 loss 1.190 | owner nan web 0.948 synth 0.915 unk-false 0.804 | score 0.686 (1.06 min)
ep 15 loss 1.175 | owner nan web 0.901 synth 0.911 unk-false 0.751 | score 0.687 (1.04 min)
ep 16 loss 1.152 | owner nan web 0.895 synth 0.903 unk-false 0.728 | score 0.690 (1.15 min)
ep 17 loss 1.136 | owner nan web 0.906 synth 0.894 unk-false 0.668 | score 0.711 (1.19 min)
ep 18 loss 1.129 | owner nan web 0.960 synth 0.909 unk-false 0.767 | score 0.700 (1.1 min)
ep 19 loss 1.117 | owner nan web 0.941 synth 0.927 unk-false 0.757 | score 0.704 (1.07 min)
ep 20 loss 1.108 | owner nan web 0.927 synth 0.938 unk-false 0.780 | score 0.695 (1.06 min)
ep 21 loss 1.095 | owner nan web 0.926 synth 0.919 unk-false 0.759 | score 0.695 (1.11 min)
ep 22 loss 1.082 | owner nan web 0.890 synth 0.930 unk-false 0.743 | score 0.692 (1.07 min)
ep 23 loss 1.083 | owner nan web 0.921 synth 0.921 unk-false 0.740 | score 0.701 (1.07 min)
ep 24 loss 1.082 | owner nan web 0.922 synth 0.921 unk-false 0.762 | score 0.694 (1.05 min)
ep 25 loss 1.061 | owner nan web 0.888 synth 0.918 unk-false 0.799 | score 0.669 (1.06 min)
ep 26 loss 1.046 | owner nan web 0.884 synth 0.924 unk-false 0.812 | score 0.665 (1.05 min)
ep 27 loss 1.046 | owner nan web 0.929 synth 0.921 unk-false 0.775 | score 0.692 (1.04 min)
ep 28 loss 1.039 | owner nan web 0.919 synth 0.917 unk-false 0.726 | score 0.703 (1.04 min)
ep 29 loss 1.029 | owner nan web 0.896 synth 0.911 unk-false 0.749 | score 0.686 (1.04 min)
ep 30 loss 1.022 | owner nan web 0.913 synth 0.926 unk-false 0.726 | score 0.705 (1.04 min)
ep 31 loss 1.027 | owner nan web 0.911 synth 0.931 unk-false 0.833 | score 0.670 (1.03 min)
ep 32 loss 1.008 | owner nan web 0.881 synth 0.918 unk-false 0.791 | score 0.669 (1.04 min)
ep 33 loss 1.000 | owner nan web 0.886 synth 0.921 unk-false 0.778 | score 0.676 (1.04 min)
ep 34 loss 0.992 | owner nan web 0.930 synth 0.937 unk-false 0.774 | score 0.698 (1.05 min)
ep 35 loss 0.996 | owner nan web 0.922 synth 0.924 unk-false 0.758 | score 0.696 (1.04 min)
ep 36 loss 0.983 | owner nan web 0.921 synth 0.930 unk-false 0.779 | score 0.691 (1.04 min)
ep 37 loss 0.985 | owner nan web 0.924 synth 0.927 unk-false 0.782 | score 0.690 (1.02 min)
ep 38 loss 0.978 | owner nan web 0.914 synth 0.916 unk-false 0.779 | score 0.684 (1.04 min)
ep 39 loss 0.981 | owner nan web 0.890 synth 0.917 unk-false 0.773 | score 0.678 (1.05 min)
ep 40 loss 0.974 | owner nan web 0.918 synth 0.922 unk-false 0.780 | score 0.687 (1.05 min)
ep 41 loss 0.964 | owner nan web 0.890 synth 0.934 unk-false 0.780 | score 0.682 (1.01 min)
ep 42 loss 0.960 | owner nan web 0.912 synth 0.920 unk-false 0.737 | score 0.698 (1.05 min)
ep 43 loss 0.959 | owner nan web 0.927 synth 0.932 unk-false 0.749 | score 0.704 (1.06 min)
ep 44 loss 0.957 | owner nan web 0.921 synth 0.931 unk-false 0.735 | score 0.706 (1.11 min)
ep 45 loss 0.948 | owner nan web 0.898 synth 0.935 unk-false 0.796 | score 0.679 (1.11 min)
ep 46 loss 0.947 | owner nan web 0.927 synth 0.923 unk-false 0.723 | score 0.709 (1.11 min)
ep 47 loss 0.951 | owner nan web 0.928 synth 0.929 unk-false 0.739 | score 0.706 (1.12 min)
ep 48 loss 0.948 | owner nan web 0.894 synth 0.923 unk-false 0.767 | score 0.683 (1.04 min)
ep 49 loss 0.951 | owner nan web 0.892 synth 0.926 unk-false 0.755 | score 0.688 (1.05 min)
ep 50 loss 0.941 | owner nan web 0.919 synth 0.926 unk-false 0.767 | score 0.693 (1.05 min)
ep 51 loss 0.943 | owner nan web 0.921 synth 0.924 unk-false 0.764 | score 0.694 (1.06 min)
ep 52 loss 0.934 | owner nan web 0.919 synth 0.928 unk-false 0.771 | score 0.692 (1.04 min)
ep 53 loss 0.929 | owner nan web 0.919 synth 0.926 unk-false 0.761 | score 0.695 (1.07 min)
ep 54 loss 0.944 | owner nan web 0.919 synth 0.927 unk-false 0.759 | score 0.696 (1.04 min)
ep 55 loss 0.941 | owner nan web 0.919 synth 0.927 unk-false 0.764 | score 0.694 (1.05 min)
ep 56 loss 0.930 | owner nan web 0.886 synth 0.931 unk-false 0.748 | score 0.689 (1.09 min)
ep 57 loss 0.930 | owner nan web 0.921 synth 0.929 unk-false 0.761 | score 0.696 (1.19 min)
ep 58 loss 0.932 | owner nan web 0.892 synth 0.931 unk-false 0.771 | score 0.684 (1.03 min)
ep 59 loss 0.934 | owner nan web 0.888 synth 0.934 unk-false 0.761 | score 0.687 (1.04 min)
best selection score 0.750 -> /mnt/jfs_hpc/home/arvir.jane.redondo/sandbox/AI231/ME2 v2/data/deliverables/command_classifier/model/runs/bcresnet6_hf_only/best.pt
