21577 train clips (48000 draws/epoch), 3144 validation clips, 191,286 parameters
ep  0 loss 3.178 | owner 0.037 web 0.026 synth 0.027 unk-false 0.169 | score 0.230 * (2.06 min)
ep  1 loss 2.688 | owner 0.449 web 0.202 synth 0.497 unk-false 0.464 | score 0.421 * (1.53 min)
ep  2 loss 1.802 | owner 0.798 web 0.502 synth 0.889 unk-false 0.203 | score 0.747 * (1.51 min)
ep  3 loss 1.396 | owner 0.922 web 0.670 synth 0.940 unk-false 0.177 | score 0.839 * (1.5 min)
ep  4 loss 1.240 | owner 0.944 web 0.719 synth 0.958 unk-false 0.136 | score 0.871 * (1.44 min)
ep  5 loss 1.159 | owner 0.926 web 0.733 synth 0.957 unk-false 0.111 | score 0.876 * (1.55 min)
ep  6 loss 1.098 | owner 0.935 web 0.797 synth 0.975 unk-false 0.142 | score 0.891 * (1.5 min)
ep  7 loss 1.068 | owner 0.935 web 0.797 synth 0.970 unk-false 0.106 | score 0.899 * (1.44 min)
ep  8 loss 1.031 | owner 0.972 web 0.777 synth 0.984 unk-false 0.151 | score 0.895 (1.86 min)
ep  9 loss 1.018 | owner 0.930 web 0.805 synth 0.983 unk-false 0.126 | score 0.898 (1.54 min)
ep 10 loss 0.989 | owner 0.963 web 0.794 synth 0.977 unk-false 0.073 | score 0.915 * (1.48 min)
ep 11 loss 0.981 | owner 0.954 web 0.773 synth 0.977 unk-false 0.076 | score 0.907 (1.44 min)
ep 12 loss 0.963 | owner 0.926 web 0.818 synth 0.977 unk-false 0.104 | score 0.904 (1.44 min)
ep 13 loss 0.959 | owner 0.944 web 0.821 synth 0.978 unk-false 0.077 | score 0.916 * (1.45 min)
ep 14 loss 0.937 | owner 0.918 web 0.841 synth 0.983 unk-false 0.095 | score 0.912 (1.47 min)
ep 15 loss 0.921 | owner 0.911 web 0.806 synth 0.977 unk-false 0.047 | score 0.912 (1.49 min)
ep 16 loss 0.918 | owner 0.944 web 0.849 synth 0.985 unk-false 0.096 | score 0.920 * (1.41 min)
ep 17 loss 0.910 | owner 0.930 web 0.846 synth 0.982 unk-false 0.084 | score 0.918 (1.42 min)
ep 18 loss 0.906 | owner 0.935 web 0.834 synth 0.986 unk-false 0.053 | score 0.925 * (1.37 min)
ep 19 loss 0.892 | owner 0.932 web 0.842 synth 0.982 unk-false 0.048 | score 0.927 * (1.32 min)
ep 20 loss 0.882 | owner 0.914 web 0.812 synth 0.979 unk-false 0.049 | score 0.914 (1.37 min)
ep 21 loss 0.881 | owner 0.914 web 0.855 synth 0.984 unk-false 0.082 | score 0.918 (1.34 min)
ep 22 loss 0.866 | owner 0.932 web 0.856 synth 0.985 unk-false 0.057 | score 0.929 * (1.41 min)
ep 23 loss 0.868 | owner 0.907 web 0.851 synth 0.989 unk-false 0.071 | score 0.919 (1.39 min)
ep 24 loss 0.862 | owner 0.944 web 0.871 synth 0.989 unk-false 0.090 | score 0.929 (1.43 min)
ep 25 loss 0.856 | owner 0.926 web 0.864 synth 0.986 unk-false 0.060 | score 0.929 (1.38 min)
ep 26 loss 0.849 | owner 0.926 web 0.854 synth 0.990 unk-false 0.087 | score 0.921 (1.44 min)
ep 27 loss 0.846 | owner 0.917 web 0.871 synth 0.988 unk-false 0.073 | score 0.925 (1.41 min)
ep 28 loss 0.834 | owner 0.944 web 0.850 synth 0.992 unk-false 0.067 | score 0.930 * (1.34 min)
ep 29 loss 0.839 | owner 0.935 web 0.865 synth 0.989 unk-false 0.082 | score 0.927 (1.36 min)
ep 30 loss 0.824 | owner 0.935 web 0.870 synth 0.990 unk-false 0.065 | score 0.933 * (1.29 min)
ep 31 loss 0.824 | owner 0.935 web 0.862 synth 0.995 unk-false 0.079 | score 0.928 (1.32 min)
ep 32 loss 0.826 | owner 0.935 web 0.872 synth 0.991 unk-false 0.081 | score 0.929 (1.31 min)
ep 33 loss 0.810 | owner 0.930 web 0.866 synth 0.991 unk-false 0.064 | score 0.931 (1.45 min)
ep 34 loss 0.820 | owner 0.935 web 0.889 synth 0.991 unk-false 0.099 | score 0.929 (1.37 min)
ep 35 loss 0.809 | owner 0.917 web 0.887 synth 0.989 unk-false 0.052 | score 0.935 * (1.36 min)
ep 36 loss 0.803 | owner 0.921 web 0.877 synth 0.991 unk-false 0.053 | score 0.934 (1.4 min)
ep 37 loss 0.800 | owner 0.935 web 0.873 synth 0.991 unk-false 0.060 | score 0.935 (1.39 min)
ep 38 loss 0.800 | owner 0.911 web 0.876 synth 0.991 unk-false 0.056 | score 0.931 (1.59 min)
ep 39 loss 0.797 | owner 0.926 web 0.879 synth 0.990 unk-false 0.066 | score 0.932 (1.73 min)
ep 40 loss 0.798 | owner 0.921 web 0.873 synth 0.991 unk-false 0.052 | score 0.933 (1.65 min)
ep 41 loss 0.789 | owner 0.926 web 0.886 synth 0.988 unk-false 0.060 | score 0.935 * (1.72 min)
ep 42 loss 0.777 | owner 0.939 web 0.879 synth 0.990 unk-false 0.060 | score 0.937 * (2.25 min)
ep 43 loss 0.780 | owner 0.921 web 0.879 synth 0.991 unk-false 0.045 | score 0.937 (1.44 min)
ep 44 loss 0.783 | owner 0.939 web 0.896 synth 0.993 unk-false 0.059 | score 0.942 * (1.46 min)
ep 45 loss 0.777 | owner 0.902 web 0.883 synth 0.992 unk-false 0.051 | score 0.932 (1.83 min)
ep 46 loss 0.777 | owner 0.921 web 0.885 synth 0.992 unk-false 0.054 | score 0.936 (1.5 min)
ep 47 loss 0.778 | owner 0.921 web 0.880 synth 0.993 unk-false 0.049 | score 0.936 (1.51 min)
ep 48 loss 0.774 | owner 0.921 web 0.890 synth 0.992 unk-false 0.056 | score 0.937 (1.56 min)
ep 49 loss 0.770 | owner 0.911 web 0.879 synth 0.992 unk-false 0.053 | score 0.932 (1.51 min)
ep 50 loss 0.770 | owner 0.921 web 0.885 synth 0.992 unk-false 0.052 | score 0.937 (1.54 min)
ep 51 loss 0.773 | owner 0.911 web 0.894 synth 0.992 unk-false 0.055 | score 0.936 (1.53 min)
ep 52 loss 0.766 | owner 0.930 web 0.933 synth 0.992 unk-false 0.055 | score 0.950 * (1.49 min)
ep 53 loss 0.767 | owner 0.930 web 0.937 synth 0.993 unk-false 0.053 | score 0.952 * (1.49 min)
ep 54 loss 0.760 | owner 0.921 web 0.892 synth 0.993 unk-false 0.052 | score 0.938 (1.52 min)
ep 55 loss 0.765 | owner 0.921 web 0.891 synth 0.993 unk-false 0.054 | score 0.938 (1.44 min)
ep 56 loss 0.767 | owner 0.911 web 0.935 synth 0.993 unk-false 0.052 | score 0.947 (1.44 min)
ep 57 loss 0.762 | owner 0.921 web 0.892 synth 0.992 unk-false 0.052 | score 0.938 (1.6 min)
ep 58 loss 0.770 | owner 0.930 web 0.894 synth 0.993 unk-false 0.054 | score 0.941 (1.56 min)
ep 59 loss 0.766 | owner 0.911 web 0.936 synth 0.992 unk-false 0.055 | score 0.946 (1.62 min)
best selection score 0.952 -> /mnt/jfs_hpc/home/arvir.jane.redondo/sandbox/AI231/ME2 v2/data/deliverables/command_classifier/model/runs/bcresnet6_ownernoise/best.pt
