21577 train clips (48000 draws/epoch), 3144 validation clips, 191,286 parameters
ep  0 loss 3.173 | owner 0.019 web 0.044 synth 0.022 unk-false 0.101 | score 0.246 * (1.89 min)
ep  1 loss 2.637 | owner 0.389 web 0.148 synth 0.517 unk-false 0.320 | score 0.433 * (1.77 min)
ep  2 loss 1.689 | owner 0.822 web 0.516 synth 0.892 unk-false 0.219 | score 0.753 * (1.75 min)
ep  3 loss 1.300 | owner 0.893 web 0.678 synth 0.955 unk-false 0.226 | score 0.825 * (1.76 min)
ep  4 loss 1.156 | owner 0.907 web 0.744 synth 0.958 unk-false 0.134 | score 0.869 * (1.74 min)
ep  5 loss 1.094 | owner 0.936 web 0.720 synth 0.971 unk-false 0.127 | score 0.875 * (1.75 min)
ep  6 loss 1.035 | owner 0.902 web 0.648 synth 0.970 unk-false 0.113 | score 0.852 (1.69 min)
ep  7 loss 1.009 | owner 0.930 web 0.807 synth 0.983 unk-false 0.175 | score 0.886 * (1.77 min)
ep  8 loss 0.972 | owner 0.963 web 0.739 synth 0.979 unk-false 0.083 | score 0.899 * (1.69 min)
ep  9 loss 0.959 | owner 0.930 web 0.850 synth 0.981 unk-false 0.130 | score 0.908 * (1.75 min)
ep 10 loss 0.934 | owner 0.930 web 0.849 synth 0.977 unk-false 0.079 | score 0.919 * (1.66 min)
ep 11 loss 0.925 | owner 0.921 web 0.781 synth 0.978 unk-false 0.078 | score 0.901 (1.76 min)
ep 12 loss 0.906 | owner 0.902 web 0.861 synth 0.983 unk-false 0.086 | score 0.915 (1.69 min)
ep 13 loss 0.909 | owner 0.926 web 0.854 synth 0.975 unk-false 0.060 | score 0.924 * (1.74 min)
ep 14 loss 0.888 | owner 0.954 web 0.888 synth 0.988 unk-false 0.099 | score 0.933 * (1.77 min)
ep 15 loss 0.875 | owner 0.935 web 0.828 synth 0.980 unk-false 0.088 | score 0.914 (1.7 min)
ep 16 loss 0.872 | owner 0.926 web 0.862 synth 0.989 unk-false 0.124 | score 0.913 (1.76 min)
ep 17 loss 0.860 | owner 0.954 web 0.909 synth 0.986 unk-false 0.107 | score 0.935 * (1.65 min)
ep 18 loss 0.853 | owner 0.935 web 0.851 synth 0.986 unk-false 0.064 | score 0.927 (1.7 min)
ep 19 loss 0.845 | owner 0.930 web 0.857 synth 0.983 unk-false 0.060 | score 0.927 (1.76 min)
ep 20 loss 0.835 | owner 0.944 web 0.899 synth 0.983 unk-false 0.102 | score 0.931 (1.8 min)
ep 21 loss 0.837 | owner 0.917 web 0.802 synth 0.978 unk-false 0.058 | score 0.910 (1.76 min)
ep 22 loss 0.820 | owner 0.944 web 0.915 synth 0.988 unk-false 0.072 | score 0.944 * (1.67 min)
ep 23 loss 0.823 | owner 0.944 web 0.901 synth 0.987 unk-false 0.056 | score 0.944 * (1.77 min)
ep 24 loss 0.812 | owner 0.935 web 0.914 synth 0.988 unk-false 0.084 | score 0.938 (1.66 min)
ep 25 loss 0.817 | owner 0.935 web 0.862 synth 0.990 unk-false 0.057 | score 0.933 (1.7 min)
ep 26 loss 0.810 | owner 0.926 web 0.922 synth 0.993 unk-false 0.077 | score 0.941 (1.77 min)
ep 27 loss 0.807 | owner 0.954 web 0.907 synth 0.989 unk-false 0.073 | score 0.944 (1.73 min)
ep 28 loss 0.791 | owner 0.926 web 0.814 synth 0.987 unk-false 0.062 | score 0.916 (1.76 min)
ep 29 loss 0.794 | owner 0.944 web 0.903 synth 0.991 unk-false 0.059 | score 0.945 * (1.77 min)
ep 30 loss 0.782 | owner 0.944 web 0.859 synth 0.987 unk-false 0.067 | score 0.931 (1.77 min)
ep 31 loss 0.784 | owner 0.935 web 0.919 synth 0.991 unk-false 0.085 | score 0.940 (1.76 min)
ep 32 loss 0.783 | owner 0.926 web 0.907 synth 0.986 unk-false 0.056 | score 0.941 (1.75 min)
ep 33 loss 0.773 | owner 0.935 web 0.913 synth 0.989 unk-false 0.061 | score 0.944 (1.74 min)
ep 34 loss 0.781 | owner 0.917 web 0.922 synth 0.989 unk-false 0.094 | score 0.933 (1.69 min)
ep 35 loss 0.770 | owner 0.930 web 0.922 synth 0.990 unk-false 0.056 | score 0.946 * (1.75 min)
ep 36 loss 0.764 | owner 0.921 web 0.914 synth 0.989 unk-false 0.058 | score 0.941 (1.63 min)
ep 37 loss 0.762 | owner 0.926 web 0.917 synth 0.988 unk-false 0.058 | score 0.943 (1.75 min)
ep 38 loss 0.764 | owner 0.935 web 0.919 synth 0.990 unk-false 0.060 | score 0.946 (1.76 min)
ep 39 loss 0.759 | owner 0.930 web 0.915 synth 0.990 unk-false 0.055 | score 0.945 (1.78 min)
ep 40 loss 0.760 | owner 0.926 web 0.918 synth 0.987 unk-false 0.043 | score 0.947 * (1.76 min)
ep 41 loss 0.754 | owner 0.926 web 0.923 synth 0.989 unk-false 0.058 | score 0.945 (1.54 min)
ep 42 loss 0.740 | owner 0.935 web 0.928 synth 0.988 unk-false 0.057 | score 0.949 * (1.14 min)
ep 43 loss 0.744 | owner 0.930 web 0.916 synth 0.989 unk-false 0.048 | score 0.947 (1.05 min)
ep 44 loss 0.741 | owner 0.926 web 0.919 synth 0.989 unk-false 0.055 | score 0.945 (1.04 min)
ep 45 loss 0.741 | owner 0.935 web 0.926 synth 0.989 unk-false 0.056 | score 0.948 (1.04 min)
ep 46 loss 0.740 | owner 0.935 web 0.924 synth 0.990 unk-false 0.056 | score 0.948 (1.21 min)
ep 47 loss 0.737 | owner 0.935 web 0.925 synth 0.990 unk-false 0.056 | score 0.949 (1.18 min)
ep 48 loss 0.737 | owner 0.935 web 0.931 synth 0.990 unk-false 0.059 | score 0.950 * (1.25 min)
ep 49 loss 0.730 | owner 0.935 web 0.924 synth 0.990 unk-false 0.048 | score 0.950 * (1.07 min)
ep 50 loss 0.733 | owner 0.935 web 0.927 synth 0.991 unk-false 0.057 | score 0.949 (1.03 min)
ep 51 loss 0.735 | owner 0.935 web 0.928 synth 0.990 unk-false 0.061 | score 0.948 (1.02 min)
ep 52 loss 0.730 | owner 0.935 web 0.927 synth 0.990 unk-false 0.058 | score 0.948 (1.03 min)
ep 53 loss 0.727 | owner 0.935 web 0.925 synth 0.991 unk-false 0.061 | score 0.948 (1.03 min)
ep 54 loss 0.723 | owner 0.935 web 0.926 synth 0.990 unk-false 0.053 | score 0.949 (1.01 min)
ep 55 loss 0.728 | owner 0.935 web 0.927 synth 0.991 unk-false 0.056 | score 0.949 (1.02 min)
ep 56 loss 0.728 | owner 0.935 web 0.926 synth 0.990 unk-false 0.057 | score 0.948 (1.02 min)
ep 57 loss 0.725 | owner 0.935 web 0.926 synth 0.991 unk-false 0.055 | score 0.949 (1.04 min)
ep 58 loss 0.733 | owner 0.935 web 0.924 synth 0.991 unk-false 0.055 | score 0.949 (1.02 min)
ep 59 loss 0.725 | owner 0.935 web 0.927 synth 0.990 unk-false 0.057 | score 0.949 (1.02 min)
best selection score 0.950 -> /mnt/jfs_hpc/home/arvir.jane.redondo/sandbox/AI231/ME2 v2/data/deliverables/command_classifier/model/runs/bcresnet6/best.pt
