21577 train clips (48000 draws/epoch), 3144 validation clips, 55,914 parameters
ep  0 loss 3.241 | owner 0.000 web 0.005 synth 0.000 unk-false 0.011 | score 0.249 * (1.35 min)
ep  1 loss 2.961 | owner 0.068 web 0.014 synth 0.062 unk-false 0.199 | score 0.236 (1.11 min)
ep  2 loss 2.501 | owner 0.330 web 0.085 synth 0.486 unk-false 0.338 | score 0.391 * (1.2 min)
ep  3 loss 1.968 | owner 0.654 web 0.364 synth 0.808 unk-false 0.428 | score 0.600 * (1.22 min)
ep  4 loss 1.663 | owner 0.824 web 0.474 synth 0.852 unk-false 0.219 | score 0.733 * (1.14 min)
ep  5 loss 1.499 | owner 0.834 web 0.558 synth 0.896 unk-false 0.212 | score 0.769 * (1.18 min)
ep  6 loss 1.394 | owner 0.874 web 0.554 synth 0.917 unk-false 0.132 | score 0.803 * (1.22 min)
ep  7 loss 1.332 | owner 0.895 web 0.620 synth 0.951 unk-false 0.246 | score 0.805 * (1.15 min)
ep  8 loss 1.262 | owner 0.917 web 0.594 synth 0.948 unk-false 0.139 | score 0.830 * (1.15 min)
ep  9 loss 1.227 | owner 0.917 web 0.682 synth 0.958 unk-false 0.203 | score 0.838 * (1.23 min)
ep 10 loss 1.194 | owner 0.898 web 0.647 synth 0.951 unk-false 0.148 | score 0.837 (1.19 min)
ep 11 loss 1.169 | owner 0.917 web 0.630 synth 0.966 unk-false 0.112 | score 0.850 * (1.12 min)
ep 12 loss 1.133 | owner 0.926 web 0.688 synth 0.965 unk-false 0.147 | score 0.858 * (1.22 min)
ep 13 loss 1.131 | owner 0.944 web 0.719 synth 0.979 unk-false 0.180 | score 0.866 * (1.19 min)
ep 14 loss 1.107 | owner 0.935 web 0.696 synth 0.975 unk-false 0.145 | score 0.865 (1.13 min)
ep 15 loss 1.089 | owner 0.926 web 0.744 synth 0.968 unk-false 0.118 | score 0.880 * (1.22 min)
ep 16 loss 1.077 | owner 0.917 web 0.743 synth 0.968 unk-false 0.144 | score 0.871 (1.19 min)
ep 17 loss 1.066 | owner 0.923 web 0.661 synth 0.967 unk-false 0.099 | score 0.863 (1.13 min)
ep 18 loss 1.054 | owner 0.935 web 0.792 synth 0.971 unk-false 0.151 | score 0.887 * (1.22 min)
ep 19 loss 1.046 | owner 0.935 web 0.680 synth 0.970 unk-false 0.094 | score 0.873 (1.21 min)
ep 20 loss 1.030 | owner 0.926 web 0.756 synth 0.977 unk-false 0.123 | score 0.884 (1.39 min)
ep 21 loss 1.031 | owner 0.917 web 0.790 synth 0.975 unk-false 0.126 | score 0.889 * (1.13 min)
ep 22 loss 1.012 | owner 0.944 web 0.708 synth 0.974 unk-false 0.078 | score 0.887 (1.21 min)
ep 23 loss 1.015 | owner 0.917 web 0.796 synth 0.977 unk-false 0.111 | score 0.895 * (1.18 min)
ep 24 loss 1.002 | owner 0.917 web 0.791 synth 0.974 unk-false 0.100 | score 0.895 * (1.12 min)
ep 25 loss 1.005 | owner 0.926 web 0.784 synth 0.975 unk-false 0.094 | score 0.898 * (1.23 min)
ep 26 loss 0.998 | owner 0.926 web 0.797 synth 0.980 unk-false 0.123 | score 0.895 (1.19 min)
ep 27 loss 0.989 | owner 0.944 web 0.819 synth 0.983 unk-false 0.140 | score 0.901 * (1.35 min)
ep 28 loss 0.972 | owner 0.935 web 0.756 synth 0.983 unk-false 0.123 | score 0.888 (1.18 min)
ep 29 loss 0.980 | owner 0.935 web 0.823 synth 0.980 unk-false 0.131 | score 0.902 * (1.36 min)
ep 30 loss 0.962 | owner 0.935 web 0.821 synth 0.981 unk-false 0.122 | score 0.904 * (1.22 min)
ep 31 loss 0.960 | owner 0.935 web 0.805 synth 0.982 unk-false 0.099 | score 0.906 * (1.12 min)
ep 32 loss 0.958 | owner 0.935 web 0.826 synth 0.979 unk-false 0.113 | score 0.907 * (1.22 min)
ep 33 loss 0.953 | owner 0.935 web 0.827 synth 0.980 unk-false 0.130 | score 0.903 (1.18 min)
ep 34 loss 0.959 | owner 0.926 web 0.824 synth 0.984 unk-false 0.156 | score 0.895 (1.13 min)
ep 35 loss 0.946 | owner 0.935 web 0.836 synth 0.984 unk-false 0.108 | score 0.912 * (1.39 min)
ep 36 loss 0.938 | owner 0.926 web 0.808 synth 0.979 unk-false 0.087 | score 0.907 (1.56 min)
ep 37 loss 0.938 | owner 0.935 web 0.826 synth 0.985 unk-false 0.114 | score 0.908 (1.21 min)
ep 38 loss 0.941 | owner 0.935 web 0.831 synth 0.986 unk-false 0.117 | score 0.909 (1.12 min)
ep 39 loss 0.932 | owner 0.926 web 0.835 synth 0.984 unk-false 0.105 | score 0.910 (1.23 min)
ep 40 loss 0.933 | owner 0.926 web 0.820 synth 0.984 unk-false 0.087 | score 0.911 (1.22 min)
ep 41 loss 0.928 | owner 0.926 web 0.830 synth 0.983 unk-false 0.090 | score 0.913 * (1.14 min)
ep 42 loss 0.916 | owner 0.926 web 0.838 synth 0.983 unk-false 0.093 | score 0.913 * (1.21 min)
ep 43 loss 0.917 | owner 0.926 web 0.828 synth 0.986 unk-false 0.092 | score 0.912 (1.22 min)
ep 44 loss 0.914 | owner 0.926 web 0.837 synth 0.985 unk-false 0.101 | score 0.912 (1.15 min)
ep 45 loss 0.914 | owner 0.935 web 0.839 synth 0.984 unk-false 0.086 | score 0.918 * (1.18 min)
ep 46 loss 0.916 | owner 0.935 web 0.831 synth 0.986 unk-false 0.089 | score 0.916 (1.22 min)
ep 47 loss 0.911 | owner 0.935 web 0.834 synth 0.985 unk-false 0.089 | score 0.916 (1.16 min)
ep 48 loss 0.914 | owner 0.935 web 0.839 synth 0.984 unk-false 0.087 | score 0.918 (1.17 min)
ep 49 loss 0.905 | owner 0.935 web 0.830 synth 0.986 unk-false 0.079 | score 0.918 (1.23 min)
ep 50 loss 0.903 | owner 0.935 web 0.844 synth 0.986 unk-false 0.094 | score 0.918 (1.22 min)
ep 51 loss 0.906 | owner 0.935 web 0.832 synth 0.985 unk-false 0.087 | score 0.916 (1.18 min)
ep 52 loss 0.906 | owner 0.935 web 0.841 synth 0.986 unk-false 0.091 | score 0.918 (1.23 min)
ep 53 loss 0.901 | owner 0.935 web 0.841 synth 0.986 unk-false 0.087 | score 0.919 * (1.23 min)
ep 54 loss 0.897 | owner 0.935 web 0.835 synth 0.986 unk-false 0.085 | score 0.918 (1.19 min)
ep 55 loss 0.898 | owner 0.935 web 0.833 synth 0.986 unk-false 0.086 | score 0.917 (1.2 min)
ep 56 loss 0.903 | owner 0.935 web 0.836 synth 0.986 unk-false 0.083 | score 0.918 (1.22 min)
ep 57 loss 0.900 | owner 0.926 web 0.838 synth 0.986 unk-false 0.082 | score 0.917 (1.13 min)
ep 58 loss 0.909 | owner 0.926 web 0.836 synth 0.986 unk-false 0.083 | score 0.916 (1.19 min)
ep 59 loss 0.899 | owner 0.935 web 0.833 synth 0.986 unk-false 0.086 | score 0.917 (1.23 min)
best selection score 0.919 -> /mnt/jfs_hpc/home/arvir.jane.redondo/sandbox/AI231/ME2 v2/data/deliverables/command_classifier/model/runs/bcresnet3/best.pt
