187480 train clips (48000 draws/epoch), 6743 validation clips, 191,672 parameters
ep  0 loss 3.279 | owner nan web 0.000 synth 0.000 unk-false 0.058 | score 0.314 * (1.54 min)
ep  1 loss 2.948 | owner nan web 0.014 synth 0.204 unk-false 0.306 | score 0.304 (1.41 min)
ep  2 loss 2.276 | owner nan web 0.345 synth 0.601 unk-false 0.209 | score 0.579 * (1.12 min)
ep  3 loss 1.873 | owner nan web 0.457 synth 0.843 unk-false 0.235 | score 0.688 * (1.1 min)
ep  4 loss 1.678 | owner nan web 0.802 synth 0.903 unk-false 0.230 | score 0.825 * (1.1 min)
ep  5 loss 1.573 | owner nan web 0.825 synth 0.945 unk-false 0.216 | score 0.851 * (1.07 min)
ep  6 loss 1.500 | owner nan web 0.781 synth 0.933 unk-false 0.121 | score 0.864 * (1.09 min)
ep  7 loss 1.447 | owner nan web 0.921 synth 0.958 unk-false 0.192 | score 0.896 * (1.08 min)
ep  8 loss 1.407 | owner nan web 0.731 synth 0.958 unk-false 0.168 | score 0.840 (1.06 min)
ep  9 loss 1.373 | owner nan web 0.928 synth 0.955 unk-false 0.166 | score 0.905 * (1.08 min)
ep 10 loss 1.351 | owner nan web 0.846 synth 0.929 unk-false 0.078 | score 0.899 (1.36 min)
ep 11 loss 1.328 | owner nan web 0.942 synth 0.972 unk-false 0.217 | score 0.899 (1.18 min)
ep 12 loss 1.302 | owner nan web 0.916 synth 0.964 unk-false 0.109 | score 0.924 * (1.16 min)
ep 13 loss 1.283 | owner nan web 0.993 synth 0.969 unk-false 0.117 | score 0.948 * (1.17 min)
ep 14 loss 1.257 | owner nan web 0.954 synth 0.971 unk-false 0.222 | score 0.901 (1.19 min)
ep 15 loss 1.262 | owner nan web 0.991 synth 0.958 unk-false 0.069 | score 0.960 * (1.21 min)
ep 16 loss 1.240 | owner nan web 0.944 synth 0.976 unk-false 0.132 | score 0.929 (1.25 min)
ep 17 loss 1.226 | owner nan web 0.960 synth 0.973 unk-false 0.110 | score 0.941 (1.09 min)
ep 18 loss 1.223 | owner nan web 0.964 synth 0.974 unk-false 0.118 | score 0.940 (1.12 min)
ep 19 loss 1.204 | owner nan web 0.996 synth 0.974 unk-false 0.137 | score 0.944 (1.16 min)
ep 20 loss 1.186 | owner nan web 0.975 synth 0.971 unk-false 0.092 | score 0.951 (1.1 min)
ep 21 loss 1.178 | owner nan web 0.993 synth 0.964 unk-false 0.085 | score 0.957 (1.07 min)
ep 22 loss 1.174 | owner nan web 0.965 synth 0.974 unk-false 0.093 | score 0.949 (1.05 min)
ep 23 loss 1.172 | owner nan web 0.963 synth 0.971 unk-false 0.070 | score 0.955 (1.07 min)
ep 24 loss 1.158 | owner nan web 0.997 synth 0.976 unk-false 0.102 | score 0.957 (1.05 min)
ep 25 loss 1.156 | owner nan web 0.995 synth 0.969 unk-false 0.092 | score 0.957 (1.06 min)
ep 26 loss 1.149 | owner nan web 0.997 synth 0.965 unk-false 0.061 | score 0.967 * (1.04 min)
ep 27 loss 1.141 | owner nan web 0.997 synth 0.973 unk-false 0.139 | score 0.944 (1.06 min)
ep 28 loss 1.135 | owner nan web 0.964 synth 0.975 unk-false 0.092 | score 0.949 (1.05 min)
ep 29 loss 1.122 | owner nan web 0.994 synth 0.971 unk-false 0.070 | score 0.965 (1.07 min)
ep 30 loss 1.111 | owner nan web 0.964 synth 0.975 unk-false 0.069 | score 0.956 (1.16 min)
ep 31 loss 1.113 | owner nan web 0.985 synth 0.969 unk-false 0.064 | score 0.964 (1.41 min)
ep 32 loss 1.102 | owner nan web 0.989 synth 0.975 unk-false 0.069 | score 0.965 (1.22 min)
ep 33 loss 1.098 | owner nan web 0.964 synth 0.974 unk-false 0.088 | score 0.950 (1.58 min)
ep 34 loss 1.100 | owner nan web 0.989 synth 0.977 unk-false 0.100 | score 0.955 (1.67 min)
ep 35 loss 1.093 | owner nan web 0.985 synth 0.976 unk-false 0.056 | score 0.968 * (1.61 min)
ep 36 loss 1.080 | owner nan web 0.994 synth 0.975 unk-false 0.059 | score 0.970 * (1.66 min)
ep 37 loss 1.083 | owner nan web 0.992 synth 0.976 unk-false 0.059 | score 0.970 * (1.71 min)
ep 38 loss 1.082 | owner nan web 0.996 synth 0.978 unk-false 0.068 | score 0.969 (1.67 min)
ep 39 loss 1.063 | owner nan web 0.990 synth 0.976 unk-false 0.064 | score 0.968 (1.6 min)
ep 40 loss 1.063 | owner nan web 0.991 synth 0.973 unk-false 0.054 | score 0.970 * (1.61 min)
ep 41 loss 1.053 | owner nan web 0.993 synth 0.975 unk-false 0.063 | score 0.969 (1.61 min)
ep 42 loss 1.050 | owner nan web 0.986 synth 0.975 unk-false 0.062 | score 0.966 (1.56 min)
ep 43 loss 1.053 | owner nan web 0.989 synth 0.978 unk-false 0.048 | score 0.973 * (1.69 min)
ep 44 loss 1.044 | owner nan web 0.988 synth 0.979 unk-false 0.064 | score 0.968 (1.61 min)
ep 45 loss 1.050 | owner nan web 0.988 synth 0.976 unk-false 0.055 | score 0.970 (1.5 min)
ep 46 loss 1.041 | owner nan web 0.997 synth 0.978 unk-false 0.065 | score 0.970 (1.59 min)
ep 47 loss 1.032 | owner nan web 0.988 synth 0.978 unk-false 0.058 | score 0.969 (1.5 min)
ep 48 loss 1.034 | owner nan web 0.988 synth 0.978 unk-false 0.065 | score 0.967 (1.45 min)
ep 49 loss 1.036 | owner nan web 0.988 synth 0.976 unk-false 0.055 | score 0.970 (1.43 min)
ep 50 loss 1.032 | owner nan web 0.988 synth 0.976 unk-false 0.053 | score 0.971 (1.58 min)
ep 51 loss 1.042 | owner nan web 0.988 synth 0.976 unk-false 0.053 | score 0.971 (1.53 min)
ep 52 loss 1.030 | owner nan web 0.988 synth 0.976 unk-false 0.057 | score 0.969 (1.44 min)
ep 53 loss 1.026 | owner nan web 0.988 synth 0.976 unk-false 0.055 | score 0.970 (1.5 min)
ep 54 loss 1.033 | owner nan web 0.992 synth 0.978 unk-false 0.058 | score 0.971 (1.61 min)
ep 55 loss 1.027 | owner nan web 0.988 synth 0.976 unk-false 0.055 | score 0.970 (1.49 min)
ep 56 loss 1.023 | owner nan web 0.988 synth 0.976 unk-false 0.053 | score 0.970 (1.74 min)
ep 57 loss 1.028 | owner nan web 0.988 synth 0.976 unk-false 0.056 | score 0.970 (2.04 min)
ep 58 loss 1.023 | owner nan web 0.988 synth 0.978 unk-false 0.060 | score 0.969 (1.87 min)
ep 59 loss 1.032 | owner nan web 0.988 synth 0.978 unk-false 0.059 | score 0.969 (1.6 min)
best selection score 0.973 -> /mnt/jfs_hpc/home/arvir.jane.redondo/sandbox/AI231/ME2 v2/data/deliverables/command_classifier/model/runs/bcresnet6_hf_plus/best.pt
