190414 train clips (48000 draws/epoch), 9894 validation clips, 194,888 parameters
ep  0 loss 3.275 | owner 0.000 web 0.000 synth 0.048 unk-false 0.139 | score 0.188 * (1.37 min)
ep  1 loss 3.131 | owner 0.024 web 0.000 synth 0.033 unk-false 0.144 | score 0.198 * (1.06 min)
ep  2 loss 2.930 | owner 0.103 web 0.005 synth 0.051 unk-false 0.204 | score 0.218 * (1.1 min)
ep  3 loss 2.680 | owner 0.194 web 0.089 synth 0.150 unk-false 0.231 | score 0.272 * (1.12 min)
ep  4 loss 2.420 | owner 0.303 web 0.072 synth 0.307 unk-false 0.224 | score 0.363 * (1.16 min)
ep  5 loss 2.211 | owner 0.438 web 0.168 synth 0.511 unk-false 0.127 | score 0.494 * (1.26 min)
ep  6 loss 2.054 | owner 0.466 web 0.328 synth 0.617 unk-false 0.152 | score 0.568 * (1.17 min)
ep  7 loss 1.962 | owner 0.524 web 0.301 synth 0.658 unk-false 0.171 | score 0.585 * (1.13 min)
ep  8 loss 1.871 | owner 0.696 web 0.290 synth 0.736 unk-false 0.137 | score 0.654 * (1.12 min)
ep  9 loss 1.810 | owner 0.655 web 0.302 synth 0.727 unk-false 0.134 | score 0.646 (1.12 min)
ep 10 loss 1.774 | owner 0.580 web 0.286 synth 0.731 unk-false 0.111 | score 0.639 (1.14 min)
ep 11 loss 1.735 | owner 0.640 web 0.325 synth 0.799 unk-false 0.129 | score 0.672 * (1.11 min)
ep 12 loss 1.704 | owner 0.612 web 0.214 synth 0.783 unk-false 0.084 | score 0.652 (1.13 min)
ep 13 loss 1.669 | owner 0.655 web 0.442 synth 0.827 unk-false 0.143 | score 0.711 * (1.13 min)
ep 14 loss 1.641 | owner 0.705 web 0.411 synth 0.876 unk-false 0.213 | score 0.718 * (1.08 min)
ep 15 loss 1.625 | owner 0.736 web 0.378 synth 0.858 unk-false 0.172 | score 0.724 * (1.09 min)
ep 16 loss 1.609 | owner 0.599 web 0.359 synth 0.849 unk-false 0.153 | score 0.697 (1.11 min)
ep 17 loss 1.580 | owner 0.764 web 0.551 synth 0.895 unk-false 0.227 | score 0.767 * (1.1 min)
ep 18 loss 1.582 | owner 0.717 web 0.421 synth 0.850 unk-false 0.127 | score 0.732 (1.11 min)
ep 19 loss 1.563 | owner 0.765 web 0.390 synth 0.897 unk-false 0.152 | score 0.749 (1.23 min)
ep 20 loss 1.542 | owner 0.777 web 0.419 synth 0.900 unk-false 0.149 | score 0.756 (1.2 min)
ep 21 loss 1.530 | owner 0.791 web 0.524 synth 0.932 unk-false 0.231 | score 0.779 * (1.23 min)
ep 22 loss 1.513 | owner 0.620 web 0.521 synth 0.909 unk-false 0.171 | score 0.745 (1.23 min)
ep 23 loss 1.497 | owner 0.740 web 0.488 synth 0.896 unk-false 0.146 | score 0.767 (1.23 min)
ep 24 loss 1.501 | owner 0.706 web 0.445 synth 0.888 unk-false 0.127 | score 0.753 (1.16 min)
ep 25 loss 1.482 | owner 0.776 web 0.504 synth 0.921 unk-false 0.189 | score 0.777 (1.14 min)
ep 26 loss 1.479 | owner 0.685 web 0.425 synth 0.872 unk-false 0.101 | score 0.742 (1.15 min)
ep 27 loss 1.469 | owner 0.788 web 0.564 synth 0.901 unk-false 0.118 | score 0.799 * (1.16 min)
ep 28 loss 1.455 | owner 0.719 web 0.466 synth 0.907 unk-false 0.131 | score 0.768 (1.21 min)
ep 29 loss 1.441 | owner 0.681 web 0.519 synth 0.921 unk-false 0.166 | score 0.766 (1.16 min)
ep 30 loss 1.436 | owner 0.760 web 0.483 synth 0.915 unk-false 0.125 | score 0.781 (1.13 min)
ep 31 loss 1.429 | owner 0.812 web 0.482 synth 0.911 unk-false 0.109 | score 0.793 (1.19 min)
ep 32 loss 1.419 | owner 0.707 web 0.523 synth 0.935 unk-false 0.197 | score 0.771 (1.19 min)
ep 33 loss 1.420 | owner 0.751 web 0.587 synth 0.943 unk-false 0.170 | score 0.802 * (1.27 min)
ep 34 loss 1.411 | owner 0.734 web 0.537 synth 0.939 unk-false 0.154 | score 0.788 (1.23 min)
ep 35 loss 1.402 | owner 0.767 web 0.564 synth 0.943 unk-false 0.150 | score 0.802 * (1.17 min)
ep 36 loss 1.390 | owner 0.650 web 0.530 synth 0.904 unk-false 0.100 | score 0.769 (1.15 min)
ep 37 loss 1.393 | owner 0.697 web 0.547 synth 0.936 unk-false 0.136 | score 0.787 (1.14 min)
ep 38 loss 1.381 | owner 0.718 web 0.537 synth 0.921 unk-false 0.135 | score 0.788 (1.21 min)
ep 39 loss 1.380 | owner 0.723 web 0.529 synth 0.934 unk-false 0.133 | score 0.789 (1.19 min)
ep 40 loss 1.379 | owner 0.678 web 0.504 synth 0.923 unk-false 0.095 | score 0.778 (1.2 min)
ep 41 loss 1.371 | owner 0.718 web 0.545 synth 0.944 unk-false 0.114 | score 0.794 (1.16 min)
ep 42 loss 1.362 | owner 0.690 web 0.531 synth 0.929 unk-false 0.115 | score 0.784 (1.17 min)
ep 43 loss 1.355 | owner 0.739 web 0.510 synth 0.922 unk-false 0.102 | score 0.792 (1.13 min)
ep 44 loss 1.357 | owner 0.723 web 0.544 synth 0.930 unk-false 0.112 | score 0.795 (1.14 min)
ep 45 loss 1.354 | owner 0.687 web 0.538 synth 0.920 unk-false 0.101 | score 0.786 (1.18 min)
ep 46 loss 1.342 | owner 0.675 web 0.548 synth 0.934 unk-false 0.115 | score 0.787 (1.16 min)
ep 47 loss 1.341 | owner 0.695 web 0.547 synth 0.942 unk-false 0.129 | score 0.790 (1.13 min)
ep 48 loss 1.349 | owner 0.694 web 0.558 synth 0.940 unk-false 0.126 | score 0.791 (1.19 min)
ep 49 loss 1.339 | owner 0.710 web 0.562 synth 0.943 unk-false 0.121 | score 0.797 (1.14 min)
ep 50 loss 1.337 | owner 0.710 web 0.567 synth 0.943 unk-false 0.129 | score 0.798 (1.1 min)
ep 51 loss 1.323 | owner 0.687 web 0.543 synth 0.938 unk-false 0.115 | score 0.789 (1.09 min)
ep 52 loss 1.337 | owner 0.699 web 0.555 synth 0.936 unk-false 0.116 | score 0.794 (1.12 min)
ep 53 loss 1.326 | owner 0.723 web 0.557 synth 0.938 unk-false 0.125 | score 0.797 (1.11 min)
ep 54 loss 1.327 | owner 0.707 web 0.561 synth 0.939 unk-false 0.122 | score 0.797 (1.09 min)
ep 55 loss 1.342 | owner 0.723 web 0.565 synth 0.942 unk-false 0.129 | score 0.799 (1.11 min)
ep 56 loss 1.334 | owner 0.739 web 0.557 synth 0.941 unk-false 0.120 | score 0.802 (1.06 min)
ep 57 loss 1.328 | owner 0.723 web 0.554 synth 0.941 unk-false 0.115 | score 0.799 (1.19 min)
ep 58 loss 1.336 | owner 0.739 web 0.562 synth 0.938 unk-false 0.123 | score 0.802 (1.1 min)
ep 59 loss 1.328 | owner 0.723 web 0.560 synth 0.941 unk-false 0.124 | score 0.799 (1.06 min)
best selection score 0.802 -> /mnt/jfs_hpc/home/arvir.jane.redondo/sandbox/AI231/ME2 v2/data/deliverables/command_classifier/model/runs/dscnn_schema_b/best.pt
