=== bcresnet6: train (23:34) ===
epoch  0 loss 0.5723 | val AUC 0.8938 thr 0.761 RPI 0.000 syn 0.000 * | 51s
epoch  1 loss 0.4342 | val AUC 0.9855 thr 0.998 RPI 0.459 syn 0.098 * | 72s
epoch  2 loss 0.3186 | val AUC 0.9855 thr 0.904 RPI 0.595 syn 0.345 * | 92s
epoch  3 loss 0.2668 | val AUC 0.9886 thr 0.966 RPI 0.865 syn 0.500 * | 120s
epoch  5 loss 0.2318 | val AUC 0.9910 thr 0.976 RPI 0.811 syn 0.649 * | 156s
epoch  6 loss 0.2241 | val AUC 0.9877 thr 0.925 RPI 0.973 syn 0.706 * | 174s
epoch  8 loss 0.2080 | val AUC 0.9820 thr 0.876 RPI 0.919 syn 0.799 * | 212s
epoch 11 loss 0.1992 | val AUC 0.9853 thr 0.931 RPI 0.919 syn 0.835 * | 270s
epoch 12 loss 0.1930 | val AUC 0.9863 thr 0.968 RPI 0.946 syn 0.845 * | 288s
epoch 13 loss 0.1898 | val AUC 0.9965 thr 0.866 RPI 0.946 syn 0.897 * | 307s
epoch 17 loss 0.1858 | val AUC 0.9838 thr 0.887 RPI 0.946 syn 0.902 * | 398s
epoch 21 loss 0.1777 | val AUC 0.9941 thr 0.785 RPI 1.000 syn 0.866 * | 479s
epoch 23 loss 0.1803 | val AUC 0.9886 thr 0.689 RPI 1.000 syn 0.902 * | 519s
epoch 34 loss 0.1660 | val AUC 0.9650 thr 0.669 RPI 1.000 syn 0.907 * | 808s
epoch 36 loss 0.1666 | val AUC 0.9873 thr 0.733 RPI 1.000 syn 0.907 * | 873s
best epoch 36: selection 0.954, AUC 0.9873 -> /home/arvir.jane.redondo/sandbox/AI231/ME2 v2/data/deliverables/model/runs/bcresnet6/best.pt
=== bcresnet6: evaluate (00:14) ===
[isolated] AUC 0.9873, threshold 0.7335
[streaming] 6.15 FA/h, detection 0.220
| hey_android | 1112 | 2 | 0.18% [0.02, 0.65]% | 2 | 0.18% [0.02, 0.65]% | 2 / 50 |
| hey_snapdragon | 1112 | 0 | 0.00% [0.00, 0.33]% | 0 | 0.00% [0.00, 0.33]% | 0 / 50 |
| hi_galaxy | 934 | 0 | 0.00% [0.00, 0.39]% | 1 | 0.11% [0.00, 0.60]% | 1 / 50 |
| hi_lumina | 1112 | 0 | 0.00% [0.00, 0.33]% | 0 | 0.00% [0.00, 0.33]% | 0 / 50 |
| **all** | 4270 | 2 | 0.05% [0.01, 0.17]% | 3 | 0.07% [0.01, 0.21]% | 3 / 50 |

=== lane 6 done (00:35) ===
